// Jest Snapshot v1, https://goo.gl/fbAQLP

exports[`InstanceTable should render 1`] = `
.emotion-0 {
  width: 100%;
  border-spacing: 0 15px;
  display: table;
  border-collapse: separate;
  border-color: grey;
}

.emotion-2 {
  text-align: left;
  border-bottom: 2px solid #d5d5d5;
  color: #9a9a9a;
  font-weight: 600;
  font-size: 0.8rem;
  padding-bottom: 5px;
  vertical-align: top;
  text-transform: uppercase;
  padding: 5px 0 5px 25px;
  word-break: break-all;
}

.emotion-12 {
  box-sizing: border-box;
  margin-top: 10px;
  box-shadow: 0 1px 4px #d9d9d9;
  border: 1px solid #fff;
  -webkit-border-image: none;
  border-image: none;
  -webkit-border-image: initial;
  border-image: initial;
  padding: 5px 0 5px 15px;
}

.emotion-14 {
  text-align: left;
  padding: 5px 0 5px 15px;
  vertical-align: middle;
  word-break: break-all;
}

<table
  class="emotion-0 emotion-1"
  data-testid="instancetable"
>
  <colgroup>
    <col
      style="width: 20%;"
    />
    <col
      style="width: 20%;"
    />
    <col
      style="width: 20%;"
    />
    <col
      style="width: 20%;"
    />
    <col
      style="width: 20%;"
    />
  </colgroup>
  <thead>
    <tr>
      <th
        class="emotion-2 emotion-3"
      >
        Instance
      </th>
      <th
        class="emotion-2 emotion-3"
      >
        Hostname
      </th>
      <th
        class="emotion-2 emotion-3"
      >
        Provider
      </th>
      <th
        class="emotion-2 emotion-3"
      >
        Expires On
      </th>
      <th
        class="emotion-2 emotion-3"
      >
        Last Certificate Refresh
      </th>
    </tr>
  </thead>
  <tbody>
    <tr
      class="emotion-12 emotion-13"
      data-testid="instance-row"
    >
      <td
        class="emotion-14 emotion-15"
        color=""
      >
        host1
      </td>
      <td
        class="emotion-14 emotion-15"
        color=""
      />
      <td
        class="emotion-14 emotion-15"
        color=""
      >
        aws
      </td>
      <td
        class="emotion-14 emotion-15"
        color=""
      >
        Invalid date
      </td>
      <td
        class="emotion-14 emotion-15"
        color=""
      >
        2021-03-28 21:38 UTC
      </td>
    </tr>
  </tbody>
</table>
`;
