// Jest Snapshot v1, https://goo.gl/fbAQLP

exports[`PolicyList should render 1`] = `
<div
  class="css-oqpjdc"
  data-testid="policylist"
>
  <div
    class="css-27i382"
  >
    <div>
      <button
        class="css-1pobclq-button denali-button"
      >
        Add Policy
      </button>
      
    </div>
  </div>
  <table
    class="css-pg3j7d"
  >
    <thead>
      <tr>
        <th
          class="css-c37hkt"
        >
          Policy
        </th>
        <th
          class="css-c37hkt"
        >
          Modified Date
        </th>
        <th
          class="css-19r8pbt"
        >
          Rules
        </th>
        <th
          class="css-19r8pbt"
        >
          Delete
        </th>
      </tr>
    </thead>
    <tbody />
  </table>
</div>
`;
