// Jest Snapshot v1, https://goo.gl/fbAQLP

exports[`RoleList should render 1`] = `
.emotion-0 {
  margin: 20px;
}

.emotion-2 {
  padding-bottom: 20px;
  display: -webkit-box;
  display: -webkit-flex;
  display: -ms-flexbox;
  display: flex;
  -webkit-box-pack: justify;
  -webkit-justify-content: space-between;
  justify-content: space-between;
  -webkit-align-items: center;
  -webkit-box-align: center;
  -ms-flex-align: center;
  align-items: center;
  -webkit-box-flex-flow: row nowrap;
  -webkit-flex-flow: row nowrap;
  -ms-flex-flow: row nowrap;
  flex-flow: row nowrap;
}

.emotion-4 {
  vertical-align: middle;
}

.emotion-6 {
  -webkit-align-items: stretch;
  -webkit-box-align: stretch;
  -ms-flex-align: stretch;
  align-items: stretch;
  background: rgba(53,112,244,0.05);
  border-radius: 2px;
  box-sizing: border-box;
  display: inline-grid;
  grid-template-columns: repeat(2, 1fr);
  height: 28px;
  position: relative;
}

.emotion-6::before {
  background: #fff;
  border: 2px solid #0072df;
  border-radius: 2px;
  box-sizing: border-box;
  content: '';
  height: calc(100% + 4px);
  margin: -2px -2px -2px calc(0% - 2px);
  position: absolute;
  -webkit-transition: all 0.3s ease-in;
  transition: all 0.3s ease-in;
  width: calc(50% + 4px);
}

.emotion-7 {
  -webkit-align-items: center;
  -webkit-box-align: center;
  -ms-flex-align: center;
  align-items: center;
  border-radius: 2px;
  box-sizing: border-box;
  color: #303030;
  cursor: initial;
  display: -webkit-box;
  display: -webkit-flex;
  display: -ms-flexbox;
  display: flex;
  font-family: Helvetica,Arial,sans-serif;
  font-size: 14px;
  font-weight: 300;
  -webkit-box-pack: center;
  -ms-flex-pack: center;
  -webkit-justify-content: center;
  justify-content: center;
  margin: 3px;
  padding: 0 12px;
  -webkit-transition: color 0.2s ease-in 0.1s;
  transition: color 0.2s ease-in 0.1s;
  white-space: nowrap;
  z-index: 1;
}

.emotion-7:hover {
  color: #303030;
}

.emotion-8 {
  -webkit-align-items: center;
  -webkit-box-align: center;
  -ms-flex-align: center;
  align-items: center;
  border-radius: 2px;
  box-sizing: border-box;
  color: #3697f2;
  cursor: pointer;
  display: -webkit-box;
  display: -webkit-flex;
  display: -ms-flexbox;
  display: flex;
  font-family: Helvetica,Arial,sans-serif;
  font-size: 14px;
  font-weight: 300;
  -webkit-box-pack: center;
  -ms-flex-pack: center;
  -webkit-justify-content: center;
  justify-content: center;
  margin: 3px;
  padding: 0 12px;
  -webkit-transition: color 0.2s ease-in 0.1s;
  transition: color 0.2s ease-in 0.1s;
  white-space: nowrap;
  z-index: 1;
}

.emotion-8:hover {
  color: #3570f4;
}

.emotion-9 {
  width: 50%;
}

.emotion-11 {
  box-sizing: border-box;
  display: -webkit-inline-box;
  display: -webkit-inline-flex;
  display: -ms-inline-flexbox;
  display: inline-flex;
  -webkit-box-flex-flow: row nowrap;
  -webkit-flex-flow: row nowrap;
  -ms-flex-flow: row nowrap;
  flex-flow: row nowrap;
  font-family: Helvetica,Arial,sans-serif;
  font-size: 14px;
  font-weight: 300;
  position: relative;
  width: 100%;
}

.emotion-11 input {
  -webkit-appearance: none;
  -moz-appearance: none;
  -ms-appearance: none;
  appearance: none;
  background: rgba(53,112,244,0.05);
  border-top: 2px solid transparent;
  border-bottom: 2px solid transparent;
  border-right: transparent;
  border-left: transparent;
  border-radius: 2px;
  box-shadow: none;
  box-sizing: border-box;
  color: #303030;
  -webkit-flex: 1 0 auto;
  -ms-flex: 1 0 auto;
  flex: 1 0 auto;
  font: inherit;
  height: 36px;
  margin: 0;
  outline: none;
  padding: 0 1rem;
  text-align: left;
  width: 100%;
}

.emotion-11.animated input {
  -webkit-transition: background-color 0.2s ease-in-out,color 0.2s ease-in-out,border 0.2s ease-in-out;
  transition: background-color 0.2s ease-in-out,color 0.2s ease-in-out,border 0.2s ease-in-out;
}

.emotion-11 input::-webkit-input-placeholder {
  color: rgba(48,48,48,0.6);
}

.emotion-11 input::-moz-placeholder {
  color: rgba(48,48,48,0.6);
}

.emotion-11 input:-ms-input-placeholder {
  color: rgba(48,48,48,0.6);
}

.emotion-11 input::placeholder {
  color: rgba(48,48,48,0.6);
}

.emotion-11 input.focused,
.emotion-11 input:active,
.emotion-11 input:focus {
  background: rgba(53,112,244,0.05);
  border-bottom: 2px solid #3570f4;
  color: #303030;
}

.emotion-11 input:invalid {
  background: rgba(53,112,244,0.05);
  border-bottom: 2px solid #d01111;
  color: #303030;
}

.emotion-11 .message {
  font-size: 12px;
  left: 0;
  line-height: 1.8;
  position: absolute;
  top: 2.571rem;
}

.emotion-11.error input,
.emotion-11.error input.focused,
.emotion-11.error input:active,
.emotion-11.error input:focus {
  border-bottom: 2px solid #d01111;
}

.emotion-11.error .message {
  color: #d01111;
}

.emotion-11 input {
  padding-right: 36px;
}

.emotion-11 .input-icon {
  -webkit-align-items: center;
  -webkit-box-align: center;
  -ms-flex-align: center;
  align-items: center;
  display: -webkit-box;
  display: -webkit-flex;
  display: -ms-flexbox;
  display: flex;
  height: 36px;
  position: absolute;
  right: 6px;
}

.emotion-12 {
  fill: #3570f4;
  cursor: inherit;
  vertical-align: text-bottom;
}

.emotion-13 {
  border: none;
  border-radius: 2px;
  box-shadow: 0 0 0 1px transparent inset,0 0 0 0 #d5d5d5 inset;
  box-sizing: border-box;
  cursor: pointer;
  display: inline-block;
  font-family: Helvetica,Arial,sans-serif;
  font-weight: 300;
  font-size: 14px;
  line-height: 1;
  margin: 5px;
  outline: 0;
  padding: 10px 24px;
  text-align: center;
  text-shadow: none;
  text-transform: none;
  -webkit-transition: all 0.2s ease-in;
  transition: all 0.2s ease-in;
  vertical-align: baseline;
  white-space: nowrap;
  background: transparent;
  box-shadow: 0 0 0 1px #3697f2 inset;
  color: #3697f2;
}

.emotion-13:first-of-type {
  margin-left: 0;
}

.emotion-13:disabled {
  background: rgba(48,48,48,0.1);
  color: rgba(48,48,48,0.2);
  cursor: not-allowed;
}

.emotion-13:disabled {
  box-shadow: 0 0 0 1px rgba(48,48,48,0.1) inset;
}

.emotion-13:hover:not(:disabled) {
  background: #d7e2fd;
}

.emotion-15 {
  width: 100%;
  border-spacing: 0 15px;
  display: table;
  border-collapse: separate;
  border-color: grey;
}

.emotion-17 {
  border-bottom: 2px solid rgb(213, 213, 213);
  color: rgb(154, 154, 154);
  vertical-align: top;
  text-transform: uppercase;
  padding: 5px 0px 5px 15px;
  word-break: break-all;
  display: -webkit-box;
  display: -webkit-flex;
  display: -ms-flexbox;
  display: flex;
}

.emotion-19 {
  text-align: left;
  width: 28%;
}

.emotion-21 {
  text-align: left;
  width: 15%;
}

.emotion-25 {
  text-align: center;
  width: 7%;
}

<div
  class="emotion-0 emotion-1"
  data-testid="rolelist"
>
  <div
    class="emotion-2 emotion-3"
  >
    <div
      class="emotion-4 emotion-5"
    >
      <div
        class="emotion-6 denali-button-group"
        data-testid="buttongroup"
      >
        <div
          class="emotion-7"
          data-active="true"
          id="button-roles"
        >
          Roles
        </div>
        <div
          class="emotion-8"
          data-active="false"
          id="button-users"
        >
          Users
        </div>
      </div>
    </div>
    <div
      class="emotion-9 emotion-10"
    >
      <div
        class="emotion-11 denali-input animated"
        data-testid="input-wrapper"
      >
        <input
          autocomplete="off"
          data-testid="input-node"
          name="search"
          placeholder="Enter role name"
          value=""
        />
        <div
          class="input-icon"
        >
          <svg
            class="emotion-12"
            data-testid="icon"
            height="24px"
            id=""
            viewBox="0 0 1024 1024"
            width="24px"
          >
            <title>
              search
            </title>
            <path
              d="M659.413 599.68c40.125-53.054 64.27-120.136 64.27-192.857 0-177.556-143.937-321.493-321.493-321.493s-321.493 143.937-321.493 321.493c0 177.556 143.937 321.493 321.493 321.493 74.297 0 142.708-25.203 197.149-67.525l-0.726 0.543 267.307 264.96c7.723 7.731 18.396 12.514 30.187 12.514s22.464-4.782 30.186-12.513l0-0c7.795-7.733 12.621-18.45 12.621-30.293s-4.826-22.56-12.618-30.291l-0.003-0.003zM444.8 637.227c-11.829 2.113-25.446 3.322-39.345 3.322-129.603 0-234.667-105.064-234.667-234.667s105.064-234.667 234.667-234.667c129.603 0 234.667 105.064 234.667 234.667 0 13.899-1.208 27.516-3.526 40.752l0.204-1.407c-17.178 98.349-93.651 174.822-190.593 191.796l-1.407 0.204z"
            />
          </svg>
        </div>
        <div
          class="message"
          data-testid="message"
        />
      </div>
    </div>
    <div>
      <button
        class="emotion-13 denali-button"
      >
        Add Role
      </button>
      <button
        class="emotion-13 denali-button"
      >
        Add Member
      </button>
    </div>
  </div>
  <div
    class="emotion-15 emotion-16"
    data-testid="roletable"
  >
    <div
      class="emotion-17 emotion-18"
    >
      <div
        class="emotion-19 emotion-20"
      >
        Role
      </div>
      <div
        class="emotion-21 emotion-22"
      >
        Modified Date
      </div>
      <div
        class="emotion-21 emotion-22"
      >
        Reviewed Date
      </div>
      <div
        class="emotion-25 emotion-26"
      >
        Members
      </div>
      <div
        class="emotion-25 emotion-26"
      >
        Review
      </div>
      <div
        class="emotion-25 emotion-26"
      >
        Policy Rule
      </div>
      <div
        class="emotion-25 emotion-26"
      >
        Tags
      </div>
      <div
        class="emotion-25 emotion-26"
      >
        Settings
      </div>
      <div
        class="emotion-25 emotion-26"
      >
        History
      </div>
      <div
        class="emotion-25 emotion-26"
      >
        Delete
      </div>
    </div>
  </div>
</div>
`;
