// Jest Snapshot v1, https://goo.gl/fbAQLP

exports[`TemplateDescription should render 1`] = `
<td
  class="css-ibn3r9"
  color="[object Object]"
  colspan="7"
  data-testid="provider-table"
>
  <table
    class="css-60xxn3"
  >
    <thead>
      <tr
        class="css-1alnbxl"
      >
        <td
          class="css-nyswyy"
        >
          test description
        </td>
      </tr>
    </thead>
  </table>
</td>
`;
