// Jest Snapshot v1, https://goo.gl/fbAQLP

exports[`CreateDomains should render 1`] = `
<div
  class="css-16vztlb-button-group-button-group-active-box denali-button-group"
  data-testid="buttongroup"
>
  <div
    class="css-ngjzew-button-group-button"
    data-active="true"
  >
    Top Level
  </div>
  <div
    class="css-u4ed4m-button-group-button"
    data-active="false"
  >
    Sub Domain
  </div>
  <div
    class="css-u4ed4m-button-group-button"
    data-active="false"
  >
    Personal
  </div>
</div>
`;
