// Jest Snapshot v1, https://goo.gl/fbAQLP

exports[`CreateDomains should render 1`] = `
.emotion-0 {
  -webkit-align-items: stretch;
  -webkit-box-align: stretch;
  -ms-flex-align: stretch;
  align-items: stretch;
  background: rgba(53,112,244,0.05);
  border-radius: 2px;
  box-sizing: border-box;
  display: inline-grid;
  grid-template-columns: repeat(3, 1fr);
  height: 28px;
  position: relative;
}

.emotion-0::before {
  background: #fff;
  border: 2px solid #0072df;
  border-radius: 2px;
  box-sizing: border-box;
  content: '';
  height: calc(100% + 4px);
  margin: -2px -2px -2px calc(0% - 2px);
  position: absolute;
  -webkit-transition: all 0.3s ease-in;
  transition: all 0.3s ease-in;
  width: calc(33.333333333333336% + 4px);
}

.emotion-1 {
  -webkit-align-items: center;
  -webkit-box-align: center;
  -ms-flex-align: center;
  align-items: center;
  border-radius: 2px;
  box-sizing: border-box;
  color: #303030;
  cursor: initial;
  display: -webkit-box;
  display: -webkit-flex;
  display: -ms-flexbox;
  display: flex;
  font-family: Helvetica,Arial,sans-serif;
  font-size: 14px;
  font-weight: 300;
  -webkit-box-pack: center;
  -ms-flex-pack: center;
  -webkit-justify-content: center;
  justify-content: center;
  margin: 3px;
  padding: 0 12px;
  -webkit-transition: color 0.2s ease-in 0.1s;
  transition: color 0.2s ease-in 0.1s;
  white-space: nowrap;
  z-index: 1;
}

.emotion-1:hover {
  color: #303030;
}

.emotion-2 {
  -webkit-align-items: center;
  -webkit-box-align: center;
  -ms-flex-align: center;
  align-items: center;
  border-radius: 2px;
  box-sizing: border-box;
  color: #3697f2;
  cursor: pointer;
  display: -webkit-box;
  display: -webkit-flex;
  display: -ms-flexbox;
  display: flex;
  font-family: Helvetica,Arial,sans-serif;
  font-size: 14px;
  font-weight: 300;
  -webkit-box-pack: center;
  -ms-flex-pack: center;
  -webkit-justify-content: center;
  justify-content: center;
  margin: 3px;
  padding: 0 12px;
  -webkit-transition: color 0.2s ease-in 0.1s;
  transition: color 0.2s ease-in 0.1s;
  white-space: nowrap;
  z-index: 1;
}

.emotion-2:hover {
  color: #3570f4;
}

<div
  class="emotion-0 denali-button-group"
  data-testid="buttongroup"
>
  <div
    class="emotion-1"
    data-active="true"
  >
    Top Level
  </div>
  <div
    class="emotion-2"
    data-active="false"
  >
    Sub Domain
  </div>
  <div
    class="emotion-2"
    data-active="false"
  >
    Personal
  </div>
</div>
`;
