// Jest Snapshot v1, https://goo.gl/fbAQLP

exports[`ReviewRow should render 1`] = `
<tr
  class="css-37yie"
  data-testid="review-row"
>
  <td
    class="css-1lrxwr5"
    color="#3570f40D"
  >
    user.member
  </td>
  <td
    class="css-1lrxwr5"
    color="#3570f40D"
  />
  <td
    class="css-1lrxwr5"
    color="#3570f40D"
  />
  <td
    class="css-at5f5w"
    color="#3570f40D"
  >
    <div
      class="css-fe5os4-radiobutton denali-radiobutton"
      data-testid="radiobutton-wrapper"
    >
      <input
        checked=""
        id="radiobutton-roleName50-extend"
        name="roleName50"
        type="radio"
        value="extend"
      />
      <label
        for="radiobutton-roleName50-extend"
      />
    </div>
  </td>
  <td
    class="css-at5f5w"
    color="#3570f40D"
  >
    <div
      class="css-fe5os4-radiobutton denali-radiobutton"
      data-testid="radiobutton-wrapper"
    >
      <input
        id="radiobutton-roleName50-no-action"
        name="roleName50"
        type="radio"
        value="no-action"
      />
      <label
        for="radiobutton-roleName50-no-action"
      />
    </div>
  </td>
  <td
    class="css-at5f5w"
    color="#3570f40D"
  >
    <div
      class="css-fe5os4-radiobutton denali-radiobutton"
      data-testid="radiobutton-wrapper"
    >
      <input
        id="radiobutton-roleName50-delete"
        name="roleName50"
        type="radio"
        value="delete"
      />
      <label
        for="radiobutton-roleName50-delete"
      />
    </div>
  </td>
</tr>
`;
